java.nio.file.AccessDeniedException: C:\Users\USER\AppData\Local\ScalaCli\cache\.bsp-sockets.tmp-11092 -> C:\Users\USER\AppData\Local\ScalaCli\cache\bsp-sockets
  java.base/sun.nio.fs.WindowsException.translateToIOException(WindowsException.java:89)
  java.base/sun.nio.fs.WindowsException.rethrowAsIOException(WindowsException.java:103)
  java.base/sun.nio.fs.WindowsFileCopy.move(WindowsFileCopy.java:317)
  java.base/sun.nio.fs.WindowsFileSystemProvider.move(WindowsFileSystemProvider.java:293)
  java.base/java.nio.file.Files.move(Files.java:1432)
  os.move$.apply(FileOps.scala:105)
  scala.cli.commands.shared.SharedCompilationServerOptions.socketDirectory(SharedCompilationServerOptions.scala:119)
  scala.cli.commands.shared.SharedCompilationServerOptions.bspSocketFile(SharedCompilationServerOptions.scala:139)
  scala.cli.commands.shared.SharedCompilationServerOptions.namedSocket$1$$anonfun$1(SharedCompilationServerOptions.scala:163)
  bloop.rifle.BloopRifle$.$anonfun$bsp$1(BloopRifle.scala:104)
  scala.Option.map(Option.scala:242)
  bloop.rifle.BloopRifle$.bsp(BloopRifle.scala:104)
  bloop.rifle.BloopServer$.bsp(BloopServer.scala:163)
  bloop.rifle.BloopServer$.buildServer(BloopServer.scala:186)
  scala.build.bsp.BspImpl.$anonfun$10(BspImpl.scala:424)
  scala.build.compiler.BloopCompiler.<init>(BloopCompiler.scala:12)
  scala.build.bsp.BspImpl.newBloopSession(BspImpl.scala:429)
  scala.build.bsp.BspImpl.run(BspImpl.scala:465)
  scala.cli.commands.bsp.Bsp$.runCommand$$anonfun$1(Bsp.scala:184)
  scala.runtime.function.JProcedure1.apply(JProcedure1.java:15)
  scala.runtime.function.JProcedure1.apply(JProcedure1.java:10)
  scala.build.bsp.BspThreads$.withThreads(BspThreads.scala:23)
  scala.cli.commands.bsp.Bsp$.runCommand(Bsp.scala:173)
  scala.cli.commands.bsp.Bsp$.runCommand(Bsp.scala:75)
  scala.cli.commands.ScalaCommand.run(ScalaCommand.scala:401)
  scala.cli.commands.ScalaCommand.run(ScalaCommand.scala:382)
  caseapp.core.app.CaseApp.main(CaseApp.scala:166)
  scala.cli.commands.ScalaCommand.main(ScalaCommand.scala:367)
  caseapp.core.app.CommandsEntryPoint.main(CommandsEntryPoint.scala:370)
  scala.cli.ScalaCliCommands.main(ScalaCliCommands.scala:125)
  scala.cli.ScalaCli$.main0$$anonfun$1(ScalaCli.scala:338)
  scala.runtime.function.JProcedure1.apply(JProcedure1.java:15)
  scala.runtime.function.JProcedure1.apply(JProcedure1.java:10)
  scala.build.EitherCps$Helper.apply(EitherCps.scala:19)
  scala.cli.ScalaCli$.main0(ScalaCli.scala:239)
  scala.cli.ScalaCli$.main(ScalaCli.scala:123)
  scala.cli.ScalaCli.main(ScalaCli.scala)
